Archive member included because of file (symbol)

D:\WorkSpace - QuadCopter\lpc_board_nxp_lpcxpresso_1769\Debug\liblpc_board_nxp_lpcxpresso_1769.a(board_sysinit.o)
                              ./src/sysinit.o (Board_SystemInit)
D:\WorkSpace - QuadCopter\lpc_chip_175x_6x\Debug\liblpc_chip_175x_6x.a(iocon_17xx_40xx.o)
                              D:\WorkSpace - QuadCopter\lpc_board_nxp_lpcxpresso_1769\Debug\liblpc_board_nxp_lpcxpresso_1769.a(board_sysinit.o) (Chip_IOCON_SetPinMuxing)
D:\WorkSpace - QuadCopter\lpc_chip_175x_6x\Debug\liblpc_chip_175x_6x.a(pwm_17xx_40xx.o)
                              ./src/LPCOpen_PWM-MotorBrushless.o (Chip_PWM_Reset)
D:\WorkSpace - QuadCopter\lpc_chip_175x_6x\Debug\liblpc_chip_175x_6x.a(sysinit_17xx_40xx.o)
                              D:\WorkSpace - QuadCopter\lpc_board_nxp_lpcxpresso_1769\Debug\liblpc_board_nxp_lpcxpresso_1769.a(board_sysinit.o) (Chip_SetupXtalClocking)
D:\WorkSpace - QuadCopter\lpc_chip_175x_6x\Debug\liblpc_chip_175x_6x.a(clock_17xx_40xx.o)
                              D:\WorkSpace - QuadCopter\lpc_chip_175x_6x\Debug\liblpc_chip_175x_6x.a(sysinit_17xx_40xx.o) (Chip_Clock_EnablePLL)
c:/nxp/lpcxpresso_7.7.2_379/lpcxpresso/tools/bin/../lib/gcc/arm-none-eabi/4.9.3/../../../../arm-none-eabi/lib/armv7-m\libcr_c.a(__weak__main.o)
                              ./src/cr_startup_lpc175x_6x.o (__main)
c:/nxp/lpcxpresso_7.7.2_379/lpcxpresso/tools/bin/../lib/gcc/arm-none-eabi/4.9.3/armv7-m\libcr_eabihelpers.a(float.o)
                              ./src/LPCOpen_PWM-MotorBrushless.o (__aeabi_fdiv)

Allocating common symbols
Common symbol       size              file

DutyCycle           0x2               ./src/LPCOpen_PWM-MotorBrushless.o
StepPeriod          0x4               ./src/LPCOpen_PWM-MotorBrushless.o
DutyCycle0          0x2               ./src/LPCOpen_PWM-MotorBrushless.o

Discarded input sections

 .group         0x00000000        0x8 ./src/LPCOpen_PWM-MotorBrushless.o
 .group         0x00000000        0x8 ./src/LPCOpen_PWM-MotorBrushless.o
 .group         0x00000000        0x8 ./src/LPCOpen_PWM-MotorBrushless.o
 .group         0x00000000        0x8 ./src/LPCOpen_PWM-MotorBrushless.o
 .group         0x00000000        0x8 ./src/LPCOpen_PWM-MotorBrushless.o
 .group         0x00000000        0x8 ./src/LPCOpen_PWM-MotorBrushless.o
 .group         0x00000000        0x8 ./src/LPCOpen_PWM-MotorBrushless.o
 .group         0x00000000        0x8 ./src/LPCOpen_PWM-MotorBrushless.o
 .group         0x00000000        0x8 ./src/LPCOpen_PWM-MotorBrushless.o
 .group         0x00000000        0x8 ./src/LPCOpen_PWM-MotorBrushless.o
 .group         0x00000000        0x8 ./src/LPCOpen_PWM-MotorBrushless.o
 .group         0x00000000        0x8 ./src/LPCOpen_PWM-MotorBrushless.o
 .group         0x00000000        0x8 ./src/LPCOpen_PWM-MotorBrushless.o
 .group         0x00000000        0x8 ./src/LPCOpen_PWM-MotorBrushless.o
 .group         0x00000000        0x8 ./src/LPCOpen_PWM-MotorBrushless.o
 .group         0x00000000        0x8 ./src/LPCOpen_PWM-MotorBrushless.o
 .group         0x00000000        0x8 ./src/LPCOpen_PWM-MotorBrushless.o
 .group         0x00000000        0x8 ./src/LPCOpen_PWM-MotorBrushless.o
 .group         0x00000000        0x8 ./src/LPCOpen_PWM-MotorBrushless.o
 .group         0x00000000        0x8 ./src/LPCOpen_PWM-MotorBrushless.o
 .group         0x00000000        0x8 ./src/LPCOpen_PWM-MotorBrushless.o
 .group         0x00000000        0x8 ./src/LPCOpen_PWM-MotorBrushless.o
 .group         0x00000000        0x8 ./src/LPCOpen_PWM-MotorBrushless.o
 .group         0x00000000        0x8 ./src/LPCOpen_PWM-MotorBrushless.o
 .group         0x00000000        0x8 ./src/LPCOpen_PWM-MotorBrushless.o
 .group         0x00000000        0x8 ./src/LPCOpen_PWM-MotorBrushless.o
 .group         0x00000000        0x8 ./src/LPCOpen_PWM-MotorBrushless.o
 .group         0x00000000        0x8 ./src/LPCOpen_PWM-MotorBrushless.o
 .group         0x00000000        0x8 ./src/LPCOpen_PWM-MotorBrushless.o
 .group         0x00000000        0x8 ./src/LPCOpen_PWM-MotorBrushless.o
 .group         0x00000000        0x8 ./src/LPCOpen_PWM-MotorBrushless.o
 .group         0x00000000        0x8 ./src/LPCOpen_PWM-MotorBrushless.o
 .group         0x00000000        0x8 ./src/LPCOpen_PWM-MotorBrushless.o
 .group         0x00000000        0x8 ./src/LPCOpen_PWM-MotorBrushless.o
 .group         0x00000000        0x8 ./src/LPCOpen_PWM-MotorBrushless.o
 .group         0x00000000        0x8 ./src/LPCOpen_PWM-MotorBrushless.o
 .group         0x00000000        0x8 ./src/LPCOpen_PWM-MotorBrushless.o
 .group         0x00000000        0x8 ./src/LPCOpen_PWM-MotorBrushless.o
 .group         0x00000000        0x8 ./src/LPCOpen_PWM-MotorBrushless.o
 .group         0x00000000        0x8 ./src/LPCOpen_PWM-MotorBrushless.o
 .group         0x00000000        0x8 ./src/LPCOpen_PWM-MotorBrushless.o
 .text          0x00000000        0x0 ./src/LPCOpen_PWM-MotorBrushless.o
[...]
Memory Configuration

Name             Origin             Length             Attributes
MFlash512        0x00000000         0x00080000         xr
RamLoc32         0x10000000         0x00008000         xrw
RamAHB32         0x2007c000         0x00008000         xrw
*default*        0x00000000         0xffffffff

Linker script and memory map

LOAD ./src/LPCOpen_PWM-MotorBrushless.o
LOAD ./src/cr_startup_lpc175x_6x.o
LOAD ./src/crp.o
LOAD ./src/sysinit.o
LOAD D:\WorkSpace - QuadCopter\lpc_board_nxp_lpcxpresso_1769\Debug\liblpc_board_nxp_lpcxpresso_1769.a
LOAD D:\WorkSpace - QuadCopter\lpc_chip_175x_6x\Debug\liblpc_chip_175x_6x.a
START GROUP
LOAD c:/nxp/lpcxpresso_7.7.2_379/lpcxpresso/tools/bin/../lib/gcc/arm-none-eabi/4.9.3/../../../../arm-none-eabi/lib/armv7-m\libcr_c.a
LOAD c:/nxp/lpcxpresso_7.7.2_379/lpcxpresso/tools/bin/../lib/gcc/arm-none-eabi/4.9.3/armv7-m\libcr_eabihelpers.a
END GROUP
                0x00080000                __top_MFlash512 = 0x80000
                0x10008000                __top_RamLoc32 = 0x10008000
                0x20084000                __top_RamAHB32 = 0x20084000

.text           0x00000000     0x1704
 FILL mask 0xff
                0x00000000                __vectors_start__ = ABSOLUTE (.)
 *(.isr_vector)
 .isr_vector    0x00000000       0xcc ./src/cr_startup_lpc175x_6x.o
                0x00000000                g_pfnVectors
                0x000000cc                . = ALIGN (0x4)
                0x000000cc                __section_table_start = .
                0x000000cc                __data_section_table = .
                0x000000cc        0x4 LONG 0x1704 LOADADDR (.data)
                0x000000d0        0x4 LONG 0x10000000 ADDR (.data)
                0x000000d4        0x4 LONG 0x84 SIZEOF (.data)
                0x000000d8        0x4 LONG 0x1704 LOADADDR (.data_RAM2)
                0x000000dc        0x4 LONG 0x2007c000 ADDR (.data_RAM2)
                0x000000e0        0x4 LONG 0x0 SIZEOF (.data_RAM2)
                0x000000e4                __data_section_table_end = .
                0x000000e4                __bss_section_table = .
                0x000000e4        0x4 LONG 0x10000084 ADDR (.bss)
                0x000000e8        0x4 LONG 0x24 SIZEOF (.bss)
                0x000000ec        0x4 LONG 0x2007c000 ADDR (.bss_RAM2)
                0x000000f0        0x4 LONG 0x0 SIZEOF (.bss_RAM2)
                0x000000f4                __bss_section_table_end = .
                0x000000f4                __section_table_end = .
 *(.after_vectors*)
 .after_vectors
                0x000000f4      0x144 ./src/cr_startup_lpc175x_6x.o
                0x000000f4                data_init
                0x00000138                bss_init
                0x00000170                ResetISR
                0x000001e8                NMI_Handler
                0x000001f0                HardFault_Handler
                0x000001f8                MemManage_Handler
                0x00000200                BusFault_Handler
                0x00000208                UsageFault_Handler
                0x00000210                SVC_Handler
                0x00000218                DebugMon_Handler
                0x00000220                PendSV_Handler
                0x00000228                SysTick_Handler
                0x00000230                CANActivity_IRQHandler
                0x00000230                TIMER3_IRQHandler
                0x00000230                UART0_IRQHandler
                0x00000230                EINT3_IRQHandler
                0x00000230                UART1_IRQHandler
                0x00000230                EINT2_IRQHandler
                0x00000230                IntDefaultHandler
                0x00000230                PLL0_IRQHandler
                0x00000230                CAN_IRQHandler
                0x00000230                I2C0_IRQHandler
                0x00000230                SSP0_IRQHandler
                0x00000230                I2C1_IRQHandler
                0x00000230                I2C2_IRQHandler
                0x00000230                RTC_IRQHandler
                0x00000230                TIMER0_IRQHandler
                0x00000230                SPI_IRQHandler
                0x00000230                RIT_IRQHandler
                0x00000230                EINT1_IRQHandler
                0x00000230                TIMER1_IRQHandler
                0x00000230                UART2_IRQHandler
                0x00000230                ADC_IRQHandler
                0x00000230                SSP1_IRQHandler
                0x00000230                USB_IRQHandler
                0x00000230                BOD_IRQHandler
                0x00000230                USBActivity_IRQHandler
                0x00000230                WDT_IRQHandler
                0x00000230                I2S_IRQHandler
                0x00000230                QEI_IRQHandler
                0x00000230                EINT0_IRQHandler
                0x00000230                ETH_IRQHandler
                0x00000230                PLL1_IRQHandler
                0x00000230                DMA_IRQHandler
                0x00000230                TIMER2_IRQHandler
                0x00000230                UART3_IRQHandler
                0x00000230                MCPWM_IRQHandler
                0x000002fc                . = 0x2fc
 *fill*         0x00000238       0xc4 ff
                0x000002fc                PROVIDE (__CRP_WORD_START__, .)
 *(.crp)
 .crp           0x000002fc        0x4 ./src/crp.o
                0x000002fc                CRP_WORD
                0x00000300                PROVIDE (__CRP_WORD_END__, .)
                0x00000001                ASSERT (! ((__CRP_WORD_START__ == __CRP_WORD_END__)), Linker CRP Enabled, but no CRP_WORD provided within application)
 *(.text*)
 .text.NVIC_EnableIRQ
                0x00000300       0x30 ./src/LPCOpen_PWM-MotorBrushless.o
 .text.Chip_GPIO_SetPinState
                0x00000330       0x68 ./src/LPCOpen_PWM-MotorBrushless.o
 .text.Chip_GPIO_WritePortBit
                0x00000398       0x2c ./src/LPCOpen_PWM-MotorBrushless.o
 .text.Chip_GPIO_GetPinState
                0x000003c4       0x3c ./src/LPCOpen_PWM-MotorBrushless.o
 .text.Chip_GPIO_ReadPortBit
                0x00000400       0x28 ./src/LPCOpen_PWM-MotorBrushless.o
 .text.Chip_GPIO_SetPinDIROutput
                0x00000428       0x38 ./src/LPCOpen_PWM-MotorBrushless.o
 .text.Chip_GPIO_SetPinDIRInput
                0x00000460       0x3c ./src/LPCOpen_PWM-MotorBrushless.o
 .text.Chip_GPIO_SetPinDIR
                0x0000049c       0x44 ./src/LPCOpen_PWM-MotorBrushless.o
 .text.Chip_GPIO_WriteDirBit
                0x000004e0       0x2c ./src/LPCOpen_PWM-MotorBrushless.o
 .text.Chip_PWM_MatchPending
                0x0000050c       0x48 ./src/LPCOpen_PWM-MotorBrushless.o
 .text.Chip_PWM_ClearMatch
                0x00000554       0x40 ./src/LPCOpen_PWM-MotorBrushless.o
 .text.Chip_PWM_Enable
                0x00000594       0x2c ./src/LPCOpen_PWM-MotorBrushless.o
 .text.Chip_PWM_PrescaleSet
                0x000005c0       0x1c ./src/LPCOpen_PWM-MotorBrushless.o
 .text.Chip_PWM_SetMatch
                0x000005dc       0x7c ./src/LPCOpen_PWM-MotorBrushless.o
 .text.Chip_PWM_MatchEnableInt
                0x00000658       0x38 ./src/LPCOpen_PWM-MotorBrushless.o
 .text.Chip_PWM_ResetOnMatchEnable
                0x00000690       0x34 ./src/LPCOpen_PWM-MotorBrushless.o
 .text.Chip_PWM_ResetOnMatchDisable
                0x000006c4       0x38 ./src/LPCOpen_PWM-MotorBrushless.o
 .text.Chip_PWM_StopOnMatchDisable
                0x000006fc       0x38 ./src/LPCOpen_PWM-MotorBrushless.o
 .text.InitPWM  0x00000734       0x78 ./src/LPCOpen_PWM-MotorBrushless.o
                0x00000734                InitPWM
 .text.InitGPIO
                0x000007ac       0xc0 ./src/LPCOpen_PWM-MotorBrushless.o
                0x000007ac                InitGPIO
 .text.main     0x0000086c      0x148 ./src/LPCOpen_PWM-MotorBrushless.o
                0x0000086c                main
 .text.Zero_Detect
                0x000009b4       0xb0 ./src/LPCOpen_PWM-MotorBrushless.o
                0x000009b4                Zero_Detect
 .text.Stop_and_Default
                0x00000a64       0x84 ./src/LPCOpen_PWM-MotorBrushless.o
                0x00000a64                Stop_and_Default
 .text.Start_Up_Brushless
                0x00000ae8      0x110 ./src/LPCOpen_PWM-MotorBrushless.o
                0x00000ae8                Start_Up_Brushless
 .text.NextPWM  0x00000bf8      0x1f0 ./src/LPCOpen_PWM-MotorBrushless.o
                0x00000bf8                NextPWM
 .text.PWM1_IRQHandler
                0x00000de8       0x94 ./src/LPCOpen_PWM-MotorBrushless.o
                0x00000de8                PWM1_IRQHandler
 .text.SystemInit
                0x00000e7c       0x24 ./src/sysinit.o
                0x00000e7c                SystemInit
 .text.Chip_SYSCTL_SetFLASHAccess
                0x00000ea0       0x30 D:\WorkSpace - QuadCopter\lpc_board_nxp_lpcxpresso_1769\Debug\liblpc_board_nxp_lpcxpresso_1769.a(board_sysinit.o)
 .text.Board_SetupMuxing
                0x00000ed0       0x18 D:\WorkSpace - QuadCopter\lpc_board_nxp_lpcxpresso_1769\Debug\liblpc_board_nxp_lpcxpresso_1769.a(board_sysinit.o)
                0x00000ed0                Board_SetupMuxing
 .text.Board_SetupClocking
                0x00000ee8       0x10 D:\WorkSpace - QuadCopter\lpc_board_nxp_lpcxpresso_1769\Debug\liblpc_board_nxp_lpcxpresso_1769.a(board_sysinit.o)
                0x00000ee8                Board_SetupClocking
 .text.Board_SystemInit
                0x00000ef8       0x10 D:\WorkSpace - QuadCopter\lpc_board_nxp_lpcxpresso_1769\Debug\liblpc_board_nxp_lpcxpresso_1769.a(board_sysinit.o)
                0x00000ef8                Board_SystemInit
 .text.Chip_IOCON_PinMuxSet
                0x00000f08       0x34 D:\WorkSpace - QuadCopter\lpc_chip_175x_6x\Debug\liblpc_chip_175x_6x.a(iocon_17xx_40xx.o)
                0x00000f08                Chip_IOCON_PinMuxSet
 .text.Chip_IOCON_PinMux
                0x00000f3c       0x94 D:\WorkSpace - QuadCopter\lpc_chip_175x_6x\Debug\liblpc_chip_175x_6x.a(iocon_17xx_40xx.o)
                0x00000f3c                Chip_IOCON_PinMux
 .text.Chip_IOCON_SetPinMuxing
                0x00000fd0       0x60 D:\WorkSpace - QuadCopter\lpc_chip_175x_6x\Debug\liblpc_chip_175x_6x.a(iocon_17xx_40xx.o)
                0x00000fd0                Chip_IOCON_SetPinMuxing
 .text.Chip_PWM_Reset
                0x00001030       0x38 D:\WorkSpace - QuadCopter\lpc_chip_175x_6x\Debug\liblpc_chip_175x_6x.a(pwm_17xx_40xx.o)
                0x00001030                Chip_PWM_Reset
 .text.Chip_PWM_SetControlMode
                0x00001068       0x8c D:\WorkSpace - QuadCopter\lpc_chip_175x_6x\Debug\liblpc_chip_175x_6x.a(pwm_17xx_40xx.o)
                0x00001068                Chip_PWM_SetControlMode
 .text.Chip_Clock_IsMainPLLEnabled
                0x000010f4       0x28 D:\WorkSpace - QuadCopter\lpc_chip_175x_6x\Debug\liblpc_chip_175x_6x.a(sysinit_17xx_40xx.o)
 .text.Chip_Clock_IsMainPLLLocked
                0x0000111c       0x28 D:\WorkSpace - QuadCopter\lpc_chip_175x_6x\Debug\liblpc_chip_175x_6x.a(sysinit_17xx_40xx.o)
 .text.Chip_Clock_IsMainPLLConnected
                0x00001144       0x28 D:\WorkSpace - QuadCopter\lpc_chip_175x_6x\Debug\liblpc_chip_175x_6x.a(sysinit_17xx_40xx.o)
 .text.Chip_Clock_EnableCrystal
                0x0000116c       0x20 D:\WorkSpace - QuadCopter\lpc_chip_175x_6x\Debug\liblpc_chip_175x_6x.a(sysinit_17xx_40xx.o)
 .text.Chip_Clock_IsCrystalEnabled
                0x0000118c       0x28 D:\WorkSpace - QuadCopter\lpc_chip_175x_6x\Debug\liblpc_chip_175x_6x.a(sysinit_17xx_40xx.o)
 .text.Chip_Clock_SetMainPLLSource
                0x000011b4       0x20 D:\WorkSpace - QuadCopter\lpc_chip_175x_6x\Debug\liblpc_chip_175x_6x.a(sysinit_17xx_40xx.o)
 .text.Chip_SetupXtalClocking
                0x000011d4       0x90 D:\WorkSpace - QuadCopter\lpc_chip_175x_6x\Debug\liblpc_chip_175x_6x.a(sysinit_17xx_40xx.o)
                0x000011d4                Chip_SetupXtalClocking
 .text.Chip_Clock_FeedPLL
                0x00001264       0x34 D:\WorkSpace - QuadCopter\lpc_chip_175x_6x\Debug\liblpc_chip_175x_6x.a(clock_17xx_40xx.o)
 .text.Chip_Clock_EnablePLL
                0x00001298       0x44 D:\WorkSpace - QuadCopter\lpc_chip_175x_6x\Debug\liblpc_chip_175x_6x.a(clock_17xx_40xx.o)
                0x00001298                Chip_Clock_EnablePLL
 .text.Chip_Clock_DisablePLL
                0x000012dc       0x44 D:\WorkSpace - QuadCopter\lpc_chip_175x_6x\Debug\liblpc_chip_175x_6x.a(clock_17xx_40xx.o)
                0x000012dc                Chip_Clock_DisablePLL
 .text.Chip_Clock_SetupPLL
                0x00001320       0x58 D:\WorkSpace - QuadCopter\lpc_chip_175x_6x\Debug\liblpc_chip_175x_6x.a(clock_17xx_40xx.o)
                0x00001320                Chip_Clock_SetupPLL
 .text.Chip_Clock_SetCPUClockDiv
                0x00001378       0x20 D:\WorkSpace - QuadCopter\lpc_chip_175x_6x\Debug\liblpc_chip_175x_6x.a(clock_17xx_40xx.o)
                0x00001378                Chip_Clock_SetCPUClockDiv
 .text.__weak_main
                0x00001398        0x4 c:/nxp/lpcxpresso_7.7.2_379/lpcxpresso/tools/bin/../lib/gcc/arm-none-eabi/4.9.3/../../../../arm-none-eabi/lib/armv7-m\libcr_c.a(__weak__main.o)
                0x00001398                __weak_main
                0x00001398                __main
 .text.__bhs_ui2f.part.0
                0x0000139c       0x20 c:/nxp/lpcxpresso_7.7.2_379/lpcxpresso/tools/bin/../lib/gcc/arm-none-eabi/4.9.3/armv7-m\libcr_eabihelpers.a(float.o)
 .text.__aeabi_fdiv
                0x000013bc       0xc0 c:/nxp/lpcxpresso_7.7.2_379/lpcxpresso/tools/bin/../lib/gcc/arm-none-eabi/4.9.3/armv7-m\libcr_eabihelpers.a(float.o)
                0x000013bc                __aeabi_fdiv
 .text.__aeabi_fsub
                0x0000147c       0xec c:/nxp/lpcxpresso_7.7.2_379/lpcxpresso/tools/bin/../lib/gcc/arm-none-eabi/4.9.3/armv7-m\libcr_eabihelpers.a(float.o)
                0x0000147c                __aeabi_fsub
 .text.__aeabi_fadd
                0x00001568       0xb4 c:/nxp/lpcxpresso_7.7.2_379/lpcxpresso/tools/bin/../lib/gcc/arm-none-eabi/4.9.3/armv7-m\libcr_eabihelpers.a(float.o)
                0x00001568                __aeabi_fadd
 .text.__aeabi_f2iz
                0x0000161c       0x34 c:/nxp/lpcxpresso_7.7.2_379/lpcxpresso/tools/bin/../lib/gcc/arm-none-eabi/4.9.3/armv7-m\libcr_eabihelpers.a(float.o)
                0x0000161c                __aeabi_f2iz
 .text.__aeabi_f2uiz
                0x00001650       0x28 c:/nxp/lpcxpresso_7.7.2_379/lpcxpresso/tools/bin/../lib/gcc/arm-none-eabi/4.9.3/armv7-m\libcr_eabihelpers.a(float.o)
                0x00001650                __aeabi_f2uiz
 .text.__aeabi_i2f
                0x00001678       0x20 c:/nxp/lpcxpresso_7.7.2_379/lpcxpresso/tools/bin/../lib/gcc/arm-none-eabi/4.9.3/armv7-m\libcr_eabihelpers.a(float.o)
                0x00001678                __aeabi_i2f
 .text.__aeabi_ui2f
                0x00001698       0x10 c:/nxp/lpcxpresso_7.7.2_379/lpcxpresso/tools/bin/../lib/gcc/arm-none-eabi/4.9.3/armv7-m\libcr_eabihelpers.a(float.o)
                0x00001698                __aeabi_ui2f
 *(.rodata .rodata.* .constdata .constdata.*)
 .rodata.pinmuxing
                0x000016a8       0x5c D:\WorkSpace - QuadCopter\lpc_board_nxp_lpcxpresso_1769\Debug\liblpc_board_nxp_lpcxpresso_1769.a(board_sysinit.o)
                0x00001704                . = ALIGN (0x4)

.glue_7         0x00001704        0x0
 .glue_7        0x00000000        0x0 linker stubs

.glue_7t        0x00001704        0x0
 .glue_7t       0x00000000        0x0 linker stubs

.vfp11_veneer   0x00001704        0x0
 .vfp11_veneer  0x00000000        0x0 linker stubs

.v4_bx          0x00001704        0x0
 .v4_bx         0x00000000        0x0 linker stubs

.iplt           0x00001704        0x0
 .iplt          0x00000000        0x0 ./src/LPCOpen_PWM-MotorBrushless.o

.rel.dyn        0x00001704        0x0
 .rel.iplt      0x00000000        0x0 ./src/LPCOpen_PWM-MotorBrushless.o

.ARM.extab
 *(.ARM.extab* .gnu.linkonce.armextab.*)
                0x00001704                __exidx_start = .

.ARM.exidx
 *(.ARM.exidx* .gnu.linkonce.armexidx.*)
                0x00001704                __exidx_end = .
                0x00001704                _etext = .

.data_RAM2      0x2007c000        0x0 load address 0x00001704
 FILL mask 0xff
                0x2007c000                PROVIDE (__start_data_RAM2, .)
 *(.ramfunc.$RAM2)
 *(.ramfunc.$RamAHB32)
 *(.data.$RAM2*)
 *(.data.$RamAHB32*)
                0x2007c000                . = ALIGN (0x4)
                0x2007c000                PROVIDE (__end_data_RAM2, .)

.uninit_RESERVED
                0x10000000        0x0
 *(.bss.$RESERVED*)
                0x10000000                . = ALIGN (0x4)
                0x10000000                _end_uninit_RESERVED = .

.data           0x10000000       0x84 load address 0x00001704
 FILL mask 0xff
                0x10000000                _data = .
 *(vtable)
 *(.ramfunc*)
 *(.data*)
 .data.AntiRebo
                0x10000000        0x4 ./src/LPCOpen_PWM-MotorBrushless.o
                0x10000000                AntiRebo
 .data.PORT_Qa  0x10000004        0xc ./src/LPCOpen_PWM-MotorBrushless.o
                0x10000004                PORT_Qa
 .data.PIN_Qa   0x10000010       0x18 ./src/LPCOpen_PWM-MotorBrushless.o
                0x10000010                PIN_Qa
 .data.PORT_Qb  0x10000028       0x18 ./src/LPCOpen_PWM-MotorBrushless.o
                0x10000028                PORT_Qb
 .data.PIN_Qb   0x10000040       0x18 ./src/LPCOpen_PWM-MotorBrushless.o
                0x10000040                PIN_Qb
 .data.PORT_Z   0x10000058        0xc ./src/LPCOpen_PWM-MotorBrushless.o
                0x10000058                PORT_Z
 .data.PIN_Z    0x10000064        0xc ./src/LPCOpen_PWM-MotorBrushless.o
                0x10000064                PIN_Z
 .data.start    0x10000070       0x14 ./src/LPCOpen_PWM-MotorBrushless.o
                0x10000070                start
                0x10000084                . = ALIGN (0x4)
                0x10000084                _edata = .

.igot.plt       0x10000084        0x0 load address 0x00001788
 .igot.plt      0x00000000        0x0 ./src/LPCOpen_PWM-MotorBrushless.o

.bss_RAM2       0x2007c000        0x0
                0x2007c000                PROVIDE (__start_bss_RAM2, .)
 *(.bss.$RAM2*)
 *(.bss.$RamAHB32*)
                0x2007c000                . = ALIGN (0x4)
                0x2007c000                PROVIDE (__end_bss_RAM2, .)

.bss            0x10000084       0x24
                0x10000084                _bss = .
 *(.bss*)
 .bss.Match_Cnt
                0x10000084        0x4 ./src/LPCOpen_PWM-MotorBrushless.o
                0x10000084                Match_Cnt
 .bss.Cycle     0x10000088        0x4 ./src/LPCOpen_PWM-MotorBrushless.o
                0x10000088                Cycle
 .bss.CruceZero
                0x1000008c        0x4 ./src/LPCOpen_PWM-MotorBrushless.o
                0x1000008c                CruceZero
 .bss.CruceZero0
                0x10000090        0x4 ./src/LPCOpen_PWM-MotorBrushless.o
                0x10000090                CruceZero0
 .bss.StepID    0x10000094        0x4 ./src/LPCOpen_PWM-MotorBrushless.o
                0x10000094                StepID
 .bss.Count     0x10000098        0x4 ./src/LPCOpen_PWM-MotorBrushless.o
                0x10000098                Count
 *(COMMON)
 COMMON         0x1000009c        0xa ./src/LPCOpen_PWM-MotorBrushless.o
                0x1000009c                DutyCycle
                0x100000a0                StepPeriod
                0x100000a4                DutyCycle0
                0x100000a8                . = ALIGN (0x4)
 *fill*         0x100000a6        0x2 
                0x100000a8                _ebss = .
                0x100000a8                PROVIDE (end, .)

.noinit_RAM2    0x2007c000        0x0
 *(.noinit.$RAM2*)
 *(.noinit.$RamAHB32*)
                0x2007c000                . = ALIGN (0x4)

.noinit         0x100000a8        0x0
                0x100000a8                _noinit = .
 *(.noinit*)
                0x100000a8                . = ALIGN (0x4)
                0x100000a8                _end_noinit = .
                0x100000a8                PROVIDE (_pvHeapStart, DEFINED (__user_heap_base)?__user_heap_base:.)
                0x10008000                PROVIDE (_vStackTop, DEFINED (__user_stack_top)?__user_stack_top:(__top_RamLoc32 - 0x0))
OUTPUT(LPCOpen_PWM-MotorBrushless.axf elf32-littlearm)

.debug_info     0x00000000     0x2c35
 .debug_info    0x00000000      0xc8a ./src/LPCOpen_PWM-MotorBrushless.o
 .debug_info    0x00000c8a      0x24b ./src/cr_startup_lpc175x_6x.o
 .debug_info    0x00000ed5       0x3f ./src/crp.o
 .debug_info    0x00000f14      0x110 ./src/sysinit.o
 .debug_info    0x00001024      0x558 D:\WorkSpace - QuadCopter\lpc_board_nxp_lpcxpresso_1769\Debug\liblpc_board_nxp_lpcxpresso_1769.a(board_sysinit.o)
 .debug_info    0x0000157c      0x2d9 D:\WorkSpace - QuadCopter\lpc_chip_175x_6x\Debug\liblpc_chip_175x_6x.a(iocon_17xx_40xx.o)
 .debug_info    0x00001855      0x469 D:\WorkSpace - QuadCopter\lpc_chip_175x_6x\Debug\liblpc_chip_175x_6x.a(pwm_17xx_40xx.o)
 .debug_info    0x00001cbe      0x431 D:\WorkSpace - QuadCopter\lpc_chip_175x_6x\Debug\liblpc_chip_175x_6x.a(sysinit_17xx_40xx.o)
 .debug_info    0x000020ef      0xb46 D:\WorkSpace - QuadCopter\lpc_chip_175x_6x\Debug\liblpc_chip_175x_6x.a(clock_17xx_40xx.o)

.debug_abbrev   0x00000000      0xc4b
 .debug_abbrev  0x00000000      0x24b ./src/LPCOpen_PWM-MotorBrushless.o
 .debug_abbrev  0x0000024b       0xf5 ./src/cr_startup_lpc175x_6x.o
 .debug_abbrev  0x00000340       0x36 ./src/crp.o
 .debug_abbrev  0x00000376       0xa3 ./src/sysinit.o
 .debug_abbrev  0x00000419      0x15a D:\WorkSpace - QuadCopter\lpc_board_nxp_lpcxpresso_1769\Debug\liblpc_board_nxp_lpcxpresso_1769.a(board_sysinit.o)
 .debug_abbrev  0x00000573      0x126 D:\WorkSpace - QuadCopter\lpc_chip_175x_6x\Debug\liblpc_chip_175x_6x.a(iocon_17xx_40xx.o)
 .debug_abbrev  0x00000699      0x15d D:\WorkSpace - QuadCopter\lpc_chip_175x_6x\Debug\liblpc_chip_175x_6x.a(pwm_17xx_40xx.o)
 .debug_abbrev  0x000007f6      0x171 D:\WorkSpace - QuadCopter\lpc_chip_175x_6x\Debug\liblpc_chip_175x_6x.a(sysinit_17xx_40xx.o)
 .debug_abbrev  0x00000967      0x2e4 D:\WorkSpace - QuadCopter\lpc_chip_175x_6x\Debug\liblpc_chip_175x_6x.a(clock_17xx_40xx.o)

.debug_aranges  0x00000000      0x3d0
 .debug_aranges
                0x00000000       0xe8 ./src/LPCOpen_PWM-MotorBrushless.o
 .debug_aranges
                0x000000e8       0x80 ./src/cr_startup_lpc175x_6x.o
 .debug_aranges
                0x00000168       0x18 ./src/crp.o
 .debug_aranges
                0x00000180       0x20 ./src/sysinit.o
 .debug_aranges
                0x000001a0       0x38 D:\WorkSpace - QuadCopter\lpc_board_nxp_lpcxpresso_1769\Debug\liblpc_board_nxp_lpcxpresso_1769.a(board_sysinit.o)
 .debug_aranges
                0x000001d8       0x30 D:\WorkSpace - QuadCopter\lpc_chip_175x_6x\Debug\liblpc_chip_175x_6x.a(iocon_17xx_40xx.o)
 .debug_aranges
                0x00000208       0x48 D:\WorkSpace - QuadCopter\lpc_chip_175x_6x\Debug\liblpc_chip_175x_6x.a(pwm_17xx_40xx.o)
 .debug_aranges
                0x00000250       0x60 D:\WorkSpace - QuadCopter\lpc_chip_175x_6x\Debug\liblpc_chip_175x_6x.a(sysinit_17xx_40xx.o)
 .debug_aranges
                0x000002b0      0x120 D:\WorkSpace - QuadCopter\lpc_chip_175x_6x\Debug\liblpc_chip_175x_6x.a(clock_17xx_40xx.o)

.debug_ranges   0x00000000      0x338
 .debug_ranges  0x00000000       0xd8 ./src/LPCOpen_PWM-MotorBrushless.o
 .debug_ranges  0x000000d8       0x70 ./src/cr_startup_lpc175x_6x.o
 .debug_ranges  0x00000148       0x10 ./src/sysinit.o
 .debug_ranges  0x00000158       0x28 D:\WorkSpace - QuadCopter\lpc_board_nxp_lpcxpresso_1769\Debug\liblpc_board_nxp_lpcxpresso_1769.a(board_sysinit.o)
 .debug_ranges  0x00000180       0x20 D:\WorkSpace - QuadCopter\lpc_chip_175x_6x\Debug\liblpc_chip_175x_6x.a(iocon_17xx_40xx.o)
 .debug_ranges  0x000001a0       0x38 D:\WorkSpace - QuadCopter\lpc_chip_175x_6x\Debug\liblpc_chip_175x_6x.a(pwm_17xx_40xx.o)
 .debug_ranges  0x000001d8       0x50 D:\WorkSpace - QuadCopter\lpc_chip_175x_6x\Debug\liblpc_chip_175x_6x.a(sysinit_17xx_40xx.o)
 .debug_ranges  0x00000228      0x110 D:\WorkSpace - QuadCopter\lpc_chip_175x_6x\Debug\liblpc_chip_175x_6x.a(clock_17xx_40xx.o)

.debug_macro    0x00000000     0x5040
 .debug_macro   0x00000000      0x238 ./src/LPCOpen_PWM-MotorBrushless.o
 .debug_macro   0x00000238      0x87a ./src/LPCOpen_PWM-MotorBrushless.o
 .debug_macro   0x00000ab2       0x10 ./src/LPCOpen_PWM-MotorBrushless.o
 .debug_macro   0x00000ac2      0x12d ./src/LPCOpen_PWM-MotorBrushless.o
 .debug_macro   0x00000bef      0x5b2 ./src/LPCOpen_PWM-MotorBrushless.o
 .debug_macro   0x000011a1       0x22 ./src/LPCOpen_PWM-MotorBrushless.o
 .debug_macro   0x000011c3       0x7b ./src/LPCOpen_PWM-MotorBrushless.o
 .debug_macro   0x0000123e       0x10 ./src/LPCOpen_PWM-MotorBrushless.o
 .debug_macro   0x0000124e       0x2d ./src/LPCOpen_PWM-MotorBrushless.o
 .debug_macro   0x0000127b       0x3a ./src/LPCOpen_PWM-MotorBrushless.o
 .debug_macro   0x000012b5       0x2d ./src/LPCOpen_PWM-MotorBrushless.o
 .debug_macro   0x000012e2      0xbb1 ./src/LPCOpen_PWM-MotorBrushless.o
 .debug_macro   0x00001e93      0x233 ./src/LPCOpen_PWM-MotorBrushless.o
 .debug_macro   0x000020c6       0x42 ./src/LPCOpen_PWM-MotorBrushless.o
 .debug_macro   0x00002108       0x52 ./src/LPCOpen_PWM-MotorBrushless.o
 .debug_macro   0x0000215a       0x78 ./src/LPCOpen_PWM-MotorBrushless.o
 .debug_macro   0x000021d2       0x82 ./src/LPCOpen_PWM-MotorBrushless.o
 .debug_macro   0x00002254      0x48c ./src/LPCOpen_PWM-MotorBrushless.o
 .debug_macro   0x000026e0       0x34 ./src/LPCOpen_PWM-MotorBrushless.o
 .debug_macro   0x00002714      0x4c5 ./src/LPCOpen_PWM-MotorBrushless.o
 .debug_macro   0x00002bd9      0x1b7 ./src/LPCOpen_PWM-MotorBrushless.o
 .debug_macro   0x00002d90       0x10 ./src/LPCOpen_PWM-MotorBrushless.o
 .debug_macro   0x00002da0      0x21b ./src/LPCOpen_PWM-MotorBrushless.o
 .debug_macro   0x00002fbb      0x1b9 ./src/LPCOpen_PWM-MotorBrushless.o
 .debug_macro   0x00003174       0x58 ./src/LPCOpen_PWM-MotorBrushless.o
 .debug_macro   0x000031cc       0x40 ./src/LPCOpen_PWM-MotorBrushless.o
 .debug_macro   0x0000320c       0x22 ./src/LPCOpen_PWM-MotorBrushless.o
 .debug_macro   0x0000322e      0x162 ./src/LPCOpen_PWM-MotorBrushless.o
 .debug_macro   0x00003390       0x94 ./src/LPCOpen_PWM-MotorBrushless.o
 .debug_macro   0x00003424       0xb8 ./src/LPCOpen_PWM-MotorBrushless.o
 .debug_macro   0x000034dc       0x4c ./src/LPCOpen_PWM-MotorBrushless.o
 .debug_macro   0x00003528       0x16 ./src/LPCOpen_PWM-MotorBrushless.o
 .debug_macro   0x0000353e      0x328 ./src/LPCOpen_PWM-MotorBrushless.o
 .debug_macro   0x00003866       0x49 ./src/LPCOpen_PWM-MotorBrushless.o
 .debug_macro   0x000038af       0x16 ./src/LPCOpen_PWM-MotorBrushless.o
 .debug_macro   0x000038c5       0xca ./src/LPCOpen_PWM-MotorBrushless.o
 .debug_macro   0x0000398f       0x18 ./src/LPCOpen_PWM-MotorBrushless.o
 .debug_macro   0x000039a7       0x70 ./src/LPCOpen_PWM-MotorBrushless.o
 .debug_macro   0x00003a17       0x9a ./src/LPCOpen_PWM-MotorBrushless.o
 .debug_macro   0x00003ab1       0x20 ./src/LPCOpen_PWM-MotorBrushless.o
 .debug_macro   0x00003ad1       0x28 ./src/LPCOpen_PWM-MotorBrushless.o
 .debug_macro   0x00003af9       0x8e ./src/LPCOpen_PWM-MotorBrushless.o
 .debug_macro   0x00003b87       0x1d ./src/cr_startup_lpc175x_6x.o
 .debug_macro   0x00003ba4       0x1a ./src/crp.o
 .debug_macro   0x00003bbe       0x34 ./src/crp.o
 .debug_macro   0x00003bf2      0x22b ./src/sysinit.o
 .debug_macro   0x00003e1d      0x22b D:\WorkSpace - QuadCopter\lpc_board_nxp_lpcxpresso_1769\Debug\liblpc_board_nxp_lpcxpresso_1769.a(board_sysinit.o)
 .debug_macro   0x00004048      0x874 D:\WorkSpace - QuadCopter\lpc_board_nxp_lpcxpresso_1769\Debug\liblpc_board_nxp_lpcxpresso_1769.a(board_sysinit.o)
 .debug_macro   0x000048bc      0x1e1 D:\WorkSpace - QuadCopter\lpc_chip_175x_6x\Debug\liblpc_chip_175x_6x.a(iocon_17xx_40xx.o)
 .debug_macro   0x00004a9d      0x1e1 D:\WorkSpace - QuadCopter\lpc_chip_175x_6x\Debug\liblpc_chip_175x_6x.a(pwm_17xx_40xx.o)
 .debug_macro   0x00004c7e      0x1e1 D:\WorkSpace - QuadCopter\lpc_chip_175x_6x\Debug\liblpc_chip_175x_6x.a(sysinit_17xx_40xx.o)
 .debug_macro   0x00004e5f      0x1e1 D:\WorkSpace - QuadCopter\lpc_chip_175x_6x\Debug\liblpc_chip_175x_6x.a(clock_17xx_40xx.o)

.debug_line     0x00000000     0x260b
 .debug_line    0x00000000      0x780 ./src/LPCOpen_PWM-MotorBrushless.o
 .debug_line    0x00000780       0xd5 ./src/cr_startup_lpc175x_6x.o
 .debug_line    0x00000855       0x78 ./src/crp.o
 .debug_line    0x000008cd      0x46c ./src/sysinit.o
 .debug_line    0x00000d39      0x4ac D:\WorkSpace - QuadCopter\lpc_board_nxp_lpcxpresso_1769\Debug\liblpc_board_nxp_lpcxpresso_1769.a(board_sysinit.o)
 .debug_line    0x000011e5      0x43a D:\WorkSpace - QuadCopter\lpc_chip_175x_6x\Debug\liblpc_chip_175x_6x.a(iocon_17xx_40xx.o)
 .debug_line    0x0000161f      0x463 D:\WorkSpace - QuadCopter\lpc_chip_175x_6x\Debug\liblpc_chip_175x_6x.a(pwm_17xx_40xx.o)
 .debug_line    0x00001a82      0x4c4 D:\WorkSpace - QuadCopter\lpc_chip_175x_6x\Debug\liblpc_chip_175x_6x.a(sysinit_17xx_40xx.o)
 .debug_line    0x00001f46      0x6c5 D:\WorkSpace - QuadCopter\lpc_chip_175x_6x\Debug\liblpc_chip_175x_6x.a(clock_17xx_40xx.o)

.debug_str      0x00000000    0x12740
 .debug_str     0x00000000    0x1143b ./src/LPCOpen_PWM-MotorBrushless.o
                              0x11566 (size before relaxing)
 .debug_str     0x0001143b      0x1fd ./src/cr_startup_lpc175x_6x.o
                               0x2647 (size before relaxing)
 .debug_str     0x00011638       0xe9 ./src/crp.o
                               0x255f (size before relaxing)
 .debug_str     0x00011721       0x1b ./src/sysinit.o
                              0x10c71 (size before relaxing)
 .debug_str     0x0001173c      0x29b D:\WorkSpace - QuadCopter\lpc_board_nxp_lpcxpresso_1769\Debug\liblpc_board_nxp_lpcxpresso_1769.a(board_sysinit.o)
                              0x1106e (size before relaxing)
 .debug_str     0x000119d7       0xb6 D:\WorkSpace - QuadCopter\lpc_chip_175x_6x\Debug\liblpc_chip_175x_6x.a(iocon_17xx_40xx.o)
                              0x10850 (size before relaxing)
 .debug_str     0x00011a8d      0x394 D:\WorkSpace - QuadCopter\lpc_chip_175x_6x\Debug\liblpc_chip_175x_6x.a(pwm_17xx_40xx.o)
                              0x10b6f (size before relaxing)
 .debug_str     0x00011e21      0x18a D:\WorkSpace - QuadCopter\lpc_chip_175x_6x\Debug\liblpc_chip_175x_6x.a(sysinit_17xx_40xx.o)
                              0x10a38 (size before relaxing)
 .debug_str     0x00011fab      0x795 D:\WorkSpace - QuadCopter\lpc_chip_175x_6x\Debug\liblpc_chip_175x_6x.a(clock_17xx_40xx.o)
                              0x113d3 (size before relaxing)

.comment        0x00000000       0x70
 .comment       0x00000000       0x70 ./src/LPCOpen_PWM-MotorBrushless.o
                                 0x71 (size before relaxing)
 .comment       0x00000000       0x71 ./src/cr_startup_lpc175x_6x.o
 .comment       0x00000000       0x71 ./src/crp.o
 .comment       0x00000000       0x71 ./src/sysinit.o
 .comment       0x00000000       0x71 D:\WorkSpace - QuadCopter\lpc_board_nxp_lpcxpresso_1769\Debug\liblpc_board_nxp_lpcxpresso_1769.a(board_sysinit.o)
 .comment       0x00000000       0x71 D:\WorkSpace - QuadCopter\lpc_chip_175x_6x\Debug\liblpc_chip_175x_6x.a(iocon_17xx_40xx.o)
 .comment       0x00000000       0x71 D:\WorkSpace - QuadCopter\lpc_chip_175x_6x\Debug\liblpc_chip_175x_6x.a(pwm_17xx_40xx.o)
 .comment       0x00000000       0x71 D:\WorkSpace - QuadCopter\lpc_chip_175x_6x\Debug\liblpc_chip_175x_6x.a(sysinit_17xx_40xx.o)
 .comment       0x00000000       0x71 D:\WorkSpace - QuadCopter\lpc_chip_175x_6x\Debug\liblpc_chip_175x_6x.a(clock_17xx_40xx.o)
 .comment       0x00000000       0x71 c:/nxp/lpcxpresso_7.7.2_379/lpcxpresso/tools/bin/../lib/gcc/arm-none-eabi/4.9.3/../../../../arm-none-eabi/lib/armv7-m\libcr_c.a(__weak__main.o)
 .comment       0x00000000       0x71 c:/nxp/lpcxpresso_7.7.2_379/lpcxpresso/tools/bin/../lib/gcc/arm-none-eabi/4.9.3/armv7-m\libcr_eabihelpers.a(float.o)

.ARM.attributes
                0x00000000       0x33
 .ARM.attributes
                0x00000000       0x33 ./src/LPCOpen_PWM-MotorBrushless.o
 .ARM.attributes
                0x00000033       0x33 ./src/cr_startup_lpc175x_6x.o
 .ARM.attributes
                0x00000066       0x33 ./src/crp.o
 .ARM.attributes
                0x00000099       0x33 ./src/sysinit.o
 .ARM.attributes
                0x000000cc       0x33 D:\WorkSpace - QuadCopter\lpc_board_nxp_lpcxpresso_1769\Debug\liblpc_board_nxp_lpcxpresso_1769.a(board_sysinit.o)
 .ARM.attributes
                0x000000ff       0x33 D:\WorkSpace - QuadCopter\lpc_chip_175x_6x\Debug\liblpc_chip_175x_6x.a(iocon_17xx_40xx.o)
 .ARM.attributes
                0x00000132       0x33 D:\WorkSpace - QuadCopter\lpc_chip_175x_6x\Debug\liblpc_chip_175x_6x.a(pwm_17xx_40xx.o)
 .ARM.attributes
                0x00000165       0x33 D:\WorkSpace - QuadCopter\lpc_chip_175x_6x\Debug\liblpc_chip_175x_6x.a(sysinit_17xx_40xx.o)
 .ARM.attributes
                0x00000198       0x33 D:\WorkSpace - QuadCopter\lpc_chip_175x_6x\Debug\liblpc_chip_175x_6x.a(clock_17xx_40xx.o)
 .ARM.attributes
                0x000001cb       0x33 c:/nxp/lpcxpresso_7.7.2_379/lpcxpresso/tools/bin/../lib/gcc/arm-none-eabi/4.9.3/../../../../arm-none-eabi/lib/armv7-m\libcr_c.a(__weak__main.o)
 .ARM.attributes
                0x000001fe       0x33 c:/nxp/lpcxpresso_7.7.2_379/lpcxpresso/tools/bin/../lib/gcc/arm-none-eabi/4.9.3/armv7-m\libcr_eabihelpers.a(float.o)

.debug_frame    0x00000000      0xd2c
 .debug_frame   0x00000000      0x3c0 ./src/LPCOpen_PWM-MotorBrushless.o
 .debug_frame   0x000003c0      0x170 ./src/cr_startup_lpc175x_6x.o
 .debug_frame   0x00000530       0x34 ./src/sysinit.o
 .debug_frame   0x00000564       0x8c D:\WorkSpace - QuadCopter\lpc_board_nxp_lpcxpresso_1769\Debug\liblpc_board_nxp_lpcxpresso_1769.a(board_sysinit.o)
 .debug_frame   0x000005f0       0x88 D:\WorkSpace - QuadCopter\lpc_chip_175x_6x\Debug\liblpc_chip_175x_6x.a(iocon_17xx_40xx.o)
 .debug_frame   0x00000678       0xf8 D:\WorkSpace - QuadCopter\lpc_chip_175x_6x\Debug\liblpc_chip_175x_6x.a(pwm_17xx_40xx.o)
 .debug_frame   0x00000770      0x12c D:\WorkSpace - QuadCopter\lpc_chip_175x_6x\Debug\liblpc_chip_175x_6x.a(sysinit_17xx_40xx.o)
 .debug_frame   0x0000089c      0x490 D:\WorkSpace - QuadCopter\lpc_chip_175x_6x\Debug\liblpc_chip_175x_6x.a(clock_17xx_40xx.o)
